>>> say_my_name = __import__('3-say_my_name').say_my_name

# prints a name

# ======================== Success cases =====================

# giving two strings as parameters
>>> say_my_name("John", "Smith")
My name is John Smith

# ======================= Edge Cases ==========================

# giving any other type but string in last_name
>>> say_my_name("Amy", 37)
Traceback (most recent call last):
        ...
TypeError: last_name must be a string

# giving any other type but string in last_name
>>> say_my_name(27, "Noah")
Traceback (most recent call last):
        ...
TypeError: first_name must be a string

# giving null values?
>>> say_my_name(None, None)
Traceback (most recent call last):
        ...
TypeError: first_name must be a string

# giving boolean values?
>>> say_my_name(True, "The night is ended")
Traceback (most recent call last):
        ...
TypeError: first_name must be a string


# ============================================================
